2020-04-13 16:25:52,898 Logged user: jason_mckozijash
2020-04-13 16:25:52,900 Like count: 25
2020-04-13 16:25:52,900 Sleep time: 4004
2020-04-13 16:25:52,900 Liking hashtag: slovakia
2020-04-13 16:28:18,523 Logged user: jason_mckozijash
2020-04-13 16:28:18,525 Like count: 29
2020-04-13 16:28:18,525 Sleep time: 4015
2020-04-13 16:28:18,525 Liking hashtag: hightatras
2020-04-13 16:29:28,242 Logged user: jason_mckozijash
2020-04-13 16:29:28,244 Like count: 27
2020-04-13 16:29:28,244 Sleep time: 3996
2020-04-13 16:29:28,244 Liking hashtag: nikond7200
2020-04-14 10:33:49,924 Logged user: jason_mckozijash
2020-04-14 10:33:49,932 Like count: 9
2020-04-14 10:33:49,933 Sleep time: 3988
2020-04-14 10:33:49,933 Liking hashtag: slovakia
